7f704c83f000-7f704c97f000 rw-s 00000000 00:04 18832466                   /dev/zero (deleted)
Size:               1280 kB
Rss:                   4 kB
Pss:                   4 kB
Shared_Clean:          0 kB
Shared_Dirty:          0 kB
Private_Clean:         0 kB
Private_Dirty:         4 kB
Referenced:            4 kB
Anonymous:             0 kB
AnonHugePages:         0 kB
Swap:                  0 kB
KernelPageSize:        4 kB
MMUPageSize:           4 kB
Locked:                0 kB
7f704c97f000-7f704c988000 r-xp 00000000 fe:00 266684                     /lib/security/pam_gnome_keyring.so
Size:                 36 kB
Rss:                   4 kB
Pss:                   1 kB
Shared_Clean:          4 kB
Shared_Dirty:          0 kB
Private_Clean:         0 kB
Private_Dirty:         0 kB
Referenced:            4 kB
Anonymous:             0 kB
AnonHugePages:         0 kB
Swap:                  0 kB
KernelPageSize:        4 kB
MMUPageSize:           4 kB
Locked:                0 kB
7f704c988000-7f704cb88000 ---p 00009000 fe:00 266684                     /lib/security/pam_gnome_keyring.so
Size:               2048 kB
Rss:                   0 kB
Pss:                   0 kB
Shared_Clean:          0 kB
Shared_Dirty:          0 kB
Private_Clean:         0 kB
Private_Dirty:         0 kB
Referenced:            0 kB
Anonymous:             0 kB
AnonHugePages:         0 kB
Swap:                  0 kB
KernelPageSize:        4 kB
MMUPageSize:           4 kB
Locked:                0 kB
7f704cb88000-7f704cb89000 rw-p 00009000 fe:00 266684                     /lib/security/pam_gnome_keyring.so
Size:                  4 kB
Rss:                   4 kB
Pss:                   2 kB
Shared_Clean:          0 kB
Shared_Dirty:          4 kB
Private_Clean:         0 kB
Private_Dirty:         0 kB
Referenced:            4 kB
Anonymous:             4 kB
AnonHugePages:         0 kB
Swap:                  0 kB
KernelPageSize:        4 kB
MMUPageSize:           4 kB
Locked:                0 kB
7f704cb89000-7f704cb8d000 r-xp 00000000 fe:00 266689                     /lib/security/pam_limits.so
Size:                 16 kB
Rss:                   0 kB
Pss:                   0 kB
Shared_Clean:          0 kB
Shared_Dirty:          0 kB
Private_Clean:         0 kB
Private_Dirty:         0 kB
Referenced:            0 kB
Anonymous:             0 kB
AnonHugePages:         0 kB
Swap:                  0 kB
KernelPageSize:        4 kB
MMUPageSize:           4 kB
Locked:                0 kB
7f704cb8d000-7f704cd8c000 ---p 00004000 fe:00 266689                     /lib/security/pam_limits.so
Size:               2044 kB
Rss:                   0 kB
Pss:                   0 kB
Shared_Clean:          0 kB
Shared_Dirty:          0 kB
Private_Clean:         0 kB
Private_Dirty:         0 kB
Referenced:            0 kB
Anonymous:             0 kB
AnonHugePages:         0 kB
Swap:                  0 kB
KernelPageSize:        4 kB
MMUPageSize:           4 kB
Locked:                0 kB
7f704cd8c000-7f704cd8d000 rw-p 00003000 fe:00 266689                     /lib/security/pam_limits.so
Size:                  4 kB
Rss:                   4 kB
Pss:                   2 kB
Shared_Clean:          0 kB
Shared_Dirty:          4 kB
Private_Clean:         0 kB
Private_Dirty:         0 kB
Referenced:            4 kB
Anonymous:             4 kB
AnonHugePages:         0 kB
Swap:                  0 kB
KernelPageSize:        4 kB
MMUPageSize:           4 kB
Locked:                0 kB
7f704cd8d000-7f704cd8f000 r-xp 00000000 fe:00 266693                     /lib/security/pam_mail.so
Size:                  8 kB
Rss:                   0 kB
Pss:                   0 kB
Shared_Clean:          0 kB
Shared_Dirty:          0 kB
Private_Clean:         0 kB
Private_Dirty:         0 kB
Referenced:            0 kB
Anonymous:             0 kB
AnonHugePages:         0 kB
Swap:                  0 kB
KernelPageSize:        4 kB
MMUPageSize:           4 kB
Locked:                0 kB
7f704cd8f000-7f704cf8e000 ---p 00002000 fe:00 266693                     /lib/security/pam_mail.so
Size:               2044 kB
Rss:                   0 kB
Pss:                   0 kB
Shared_Clean:          0 kB
Shared_Dirty:          0 kB
Private_Clean:         0 kB
Private_Dirty:         0 kB
Referenced:            0 kB
Anonymous:             0 kB
AnonHugePages:         0 kB
Swap:                  0 kB
KernelPageSize:        4 kB
MMUPageSize:           4 kB
Locked:                0 kB
7f704cf8e000-7f704cf8f000 rw-p 00001000 fe:00 266693                     /lib/security/pam_mail.so
Size:                  4 kB
Rss:                   4 kB
Pss:                   2 kB
Shared_Clean:          0 kB
Shared_Dirty:          4 kB
Private_Clean:         0 kB
Private_Dirty:         0 kB
Referenced:            4 kB
Anonymous:             4 kB
AnonHugePages:         0 kB
Swap:                  0 kB
KernelPageSize:        4 kB
MMUPageSize:           4 kB
Locked:                0 kB
7f704cf8f000-7f704cf90000 r-xp 00000000 fe:00 266695                     /lib/security/pam_motd.so
Size:                  4 kB
Rss:                   0 kB
Pss:                   0 kB
Shared_Clean:          0 kB
Shared_Dirty:          0 kB
Private_Clean:         0 kB
Private_Dirty:         0 kB
Referenced:            0 kB
Anonymous:             0 kB
AnonHugePages:         0 kB
Swap:                  0 kB
KernelPageSize:        4 kB
MMUPageSize:           4 kB
Locked:                0 kB
7f704cf90000-7f704d18f000 ---p 00001000 fe:00 266695                     /lib/security/pam_motd.so
Size:               2044 kB
Rss:                   0 kB
Pss:                   0 kB
Shared_Clean:          0 kB
Shared_Dirty:          0 kB
Private_Clean:         0 kB
Private_Dirty:         0 kB
Referenced:            0 kB
Anonymous:             0 kB
AnonHugePages:         0 kB
Swap:                  0 kB
KernelPageSize:        4 kB
MMUPageSize:           4 kB
Locked:                0 kB
7f704d18f000-7f704d190000 rw-p 00000000 fe:00 266695                     /lib/security/pam_motd.so
Size:                  4 kB
Rss:                   4 kB
Pss:                   2 kB
Shared_Clean:          0 kB
Shared_Dirty:          4 kB
Private_Clean:         0 kB
Private_Dirty:         0 kB
Referenced:            4 kB
Anonymous:             4 kB
AnonHugePages:         0 kB
Swap:                  0 kB
KernelPageSize:        4 kB
MMUPageSize:           4 kB
Locked:                0 kB
7f704d190000-7f704d197000 r-xp 00000000 fe:00 268113                     /lib/librt-2.11.3.so
Size:                 28 kB
Rss:                   8 kB
Pss:                   0 kB
Shared_Clean:          8 kB
Shared_Dirty:          0 kB
Private_Clean:         0 kB
Private_Dirty:         0 kB
Referenced:            8 kB
Anonymous:             0 kB
AnonHugePages:         0 kB
Swap:                  0 kB
KernelPageSize:        4 kB
MMUPageSize:           4 kB
Locked:                0 kB
7f704d197000-7f704d396000 ---p 00007000 fe:00 268113                     /lib/librt-2.11.3.so
Size:               2044 kB
Rss:                   0 kB
Pss:                   0 kB
Shared_Clean:          0 kB
Shared_Dirty:          0 kB
Private_Clean:         0 kB
Private_Dirty:         0 kB
Referenced:            0 kB
Anonymous:             0 kB
AnonHugePages:         0 kB
Swap:                  0 kB
KernelPageSize:        4 kB
MMUPageSize:           4 kB
Locked:                0 kB
7f704d396000-7f704d397000 r--p 00006000 fe:00 268113                     /lib/librt-2.11.3.so
Size:                  4 kB
Rss:                   4 kB
Pss:                   2 kB
Shared_Clean:          0 kB
Shared_Dirty:          4 kB
Private_Clean:         0 kB
Private_Dirty:         0 kB
Referenced:            4 kB
Anonymous:             4 kB
AnonHugePages:         0 kB
Swap:                  0 kB
KernelPageSize:        4 kB
MMUPageSize:           4 kB
Locked:                0 kB
7f704d397000-7f704d398000 rw-p 00007000 fe:00 268113                     /lib/librt-2.11.3.so
Size:                  4 kB
Rss:                   4 kB
Pss:                   2 kB
Shared_Clean:          0 kB
Shared_Dirty:          4 kB
Private_Clean:         0 kB
Private_Dirty:         0 kB
Referenced:            4 kB
Anonymous:             4 kB
AnonHugePages:         0 kB
Swap:                  0 kB
KernelPageSize:        4 kB
MMUPageSize:           4 kB
Locked:                0 kB
7f704d398000-7f704d3d6000 r-xp 00000000 fe:00 262265                     /lib/libdbus-1.so.3.4.0
Size:                248 kB
Rss:                  36 kB
Pss:                   3 kB
Shared_Clean:         36 kB
Shared_Dirty:          0 kB
Private_Clean:         0 kB
Private_Dirty:         0 kB
Referenced:           36 kB
Anonymous:             0 kB
AnonHugePages:         0 kB
Swap:                  0 kB
KernelPageSize:        4 kB
MMUPageSize:           4 kB
Locked:                0 kB
7f704d3d6000-7f704d5d6000 ---p 0003e000 fe:00 262265                     /lib/libdbus-1.so.3.4.0
Size:               2048 kB
Rss:                   0 kB
Pss:                   0 kB
Shared_Clean:          0 kB
Shared_Dirty:          0 kB
Private_Clean:         0 kB
Private_Dirty:         0 kB
Referenced:            0 kB
Anonymous:             0 kB
AnonHugePages:         0 kB
Swap:                  0 kB
KernelPageSize:        4 kB
MMUPageSize:           4 kB
Locked:                0 kB
7f704d5d6000-7f704d5d7000 r--p 0003e000 fe:00 262265                     /lib/libdbus-1.so.3.4.0
Size:                  4 kB
Rss:                   4 kB
Pss:                   2 kB
Shared_Clean:          0 kB
Shared_Dirty:          4 kB
Private_Clean:         0 kB
Private_Dirty:         0 kB
Referenced:            4 kB
Anonymous:             4 kB
AnonHugePages:         0 kB
Swap:                  0 kB
KernelPageSize:        4 kB
MMUPageSize:           4 kB
Locked:                0 kB
7f704d5d7000-7f704d5d8000 rw-p 0003f000 fe:00 262265                     /lib/libdbus-1.so.3.4.0
Size:                  4 kB
Rss:                   4 kB
Pss:                   2 kB
Shared_Clean:          0 kB
Shared_Dirty:          4 kB
Private_Clean:         0 kB
Private_Dirty:         0 kB
Referenced:            4 kB
Anonymous:             4 kB
AnonHugePages:         0 kB
Swap:                  0 kB
KernelPageSize:        4 kB
MMUPageSize:           4 kB
Locked:                0 kB
7f704d5d8000-7f704d5db000 r-xp 00000000 fe:00 7514                       /usr/lib/libck-connector.so.0.0.0
Size:                 12 kB
Rss:                   0 kB
Pss:                   0 kB
Shared_Clean:          0 kB
Shared_Dirty:          0 kB
Private_Clean:         0 kB
Private_Dirty:         0 kB
Referenced:            0 kB
Anonymous:             0 kB
AnonHugePages:         0 kB
Swap:                  0 kB
KernelPageSize:        4 kB
MMUPageSize:           4 kB
Locked:                0 kB
7f704d5db000-7f704d7da000 ---p 00003000 fe:00 7514                       /usr/lib/libck-connector.so.0.0.0
Size:               2044 kB
Rss:                   0 kB
Pss:                   0 kB
Shared_Clean:          0 kB
Shared_Dirty:          0 kB
Private_Clean:         0 kB
Private_Dirty:         0 kB
Referenced:            0 kB
Anonymous:             0 kB
AnonHugePages:         0 kB
Swap:                  0 kB
KernelPageSize:        4 kB
MMUPageSize:           4 kB
Locked:                0 kB
7f704d7da000-7f704d7db000 rw-p 00002000 fe:00 7514                       /usr/lib/libck-connector.so.0.0.0
Size:                  4 kB
Rss:                   4 kB
Pss:                   2 kB
Shared_Clean:          0 kB
Shared_Dirty:          4 kB
Private_Clean:         0 kB
Private_Dirty:         0 kB
Referenced:            4 kB
Anonymous:             4 kB
AnonHugePages:         0 kB
Swap:                  0 kB
KernelPageSize:        4 kB
MMUPageSize:           4 kB
Locked:                0 kB
7f704d7db000-7f704d7dd000 r-xp 00000000 fe:00 266675                     /lib/security/pam_ck_connector.so
Size:                  8 kB
Rss:                   0 kB
Pss:                   0 kB
Shared_Clean:          0 kB
Shared_Dirty:          0 kB
Private_Clean:         0 kB
Private_Dirty:         0 kB
Referenced:            0 kB
Anonymous:             0 kB
AnonHugePages:         0 kB
Swap:                  0 kB
KernelPageSize:        4 kB
MMUPageSize:           4 kB
Locked:                0 kB
7f704d7dd000-7f704d9dc000 ---p 00002000 fe:00 266675                     /lib/security/pam_ck_connector.so
Size:               2044 kB
Rss:                   0 kB
Pss:                   0 kB
Shared_Clean:          0 kB
Shared_Dirty:          0 kB
Private_Clean:         0 kB
Private_Dirty:         0 kB
Referenced:            0 kB
Anonymous:             0 kB
AnonHugePages:         0 kB
Swap:                  0 kB
KernelPageSize:        4 kB
MMUPageSize:           4 kB
Locked:                0 kB
7f704d9dc000-7f704d9dd000 rw-p 00001000 fe:00 266675                     /lib/security/pam_ck_connector.so
Size:                  4 kB
Rss:                   4 kB
Pss:                   2 kB
Shared_Clean:          0 kB
Shared_Dirty:          4 kB
Private_Clean:         0 kB
Private_Dirty:         0 kB
Referenced:            4 kB
Anonymous:             4 kB
AnonHugePages:         0 kB
Swap:                  0 kB
KernelPageSize:        4 kB
MMUPageSize:           4 kB
Locked:                0 kB
7f704d9dd000-7f704d9df000 r-xp 00000000 fe:00 322126                     /lib/security/pam_tmpdir.so
Size:                  8 kB
Rss:                   0 kB
Pss:                   0 kB
Shared_Clean:          0 kB
Shared_Dirty:          0 kB
Private_Clean:         0 kB
Private_Dirty:         0 kB
Referenced:            0 kB
Anonymous:             0 kB
AnonHugePages:         0 kB
Swap:                  0 kB
KernelPageSize:        4 kB
MMUPageSize:           4 kB
Locked:                0 kB
7f704d9df000-7f704dbdf000 ---p 00002000 fe:00 322126                     /lib/security/pam_tmpdir.so
Size:               2048 kB
Rss:                   0 kB
Pss:                   0 kB
Shared_Clean:          0 kB
Shared_Dirty:          0 kB
Private_Clean:         0 kB
Private_Dirty:         0 kB
Referenced:            0 kB
Anonymous:             0 kB
AnonHugePages:         0 kB
Swap:                  0 kB
KernelPageSize:        4 kB
MMUPageSize:           4 kB
Locked:                0 kB
7f704dbdf000-7f704dbe0000 rw-p 00002000 fe:00 322126                     /lib/security/pam_tmpdir.so
Size:                  4 kB
Rss:                   4 kB
Pss:                   2 kB
Shared_Clean:          0 kB
Shared_Dirty:          4 kB
Private_Clean:         0 kB
Private_Dirty:         0 kB
Referenced:            4 kB
Anonymous:             4 kB
AnonHugePages:         0 kB
Swap:                  0 kB
KernelPageSize:        4 kB
MMUPageSize:           4 kB
Locked:                0 kB
7f704dbe0000-7f704dbe1000 r-xp 00000000 fe:00 266697                     /lib/security/pam_nologin.so
Size:                  4 kB
Rss:                   0 kB
Pss:                   0 kB
Shared_Clean:          0 kB
Shared_Dirty:          0 kB
Private_Clean:         0 kB
Private_Dirty:         0 kB
Referenced:            0 kB
Anonymous:             0 kB
AnonHugePages:         0 kB
Swap:                  0 kB
KernelPageSize:        4 kB
MMUPageSize:           4 kB
Locked:                0 kB
7f704dbe1000-7f704dde1000 ---p 00001000 fe:00 266697                     /lib/security/pam_nologin.so
Size:               2048 kB
Rss:                   0 kB
Pss:                   0 kB
Shared_Clean:          0 kB
Shared_Dirty:          0 kB
Private_Clean:         0 kB
Private_Dirty:         0 kB
Referenced:            0 kB
Anonymous:             0 kB
AnonHugePages:         0 kB
Swap:                  0 kB
KernelPageSize:        4 kB
MMUPageSize:           4 kB
Locked:                0 kB
7f704dde1000-7f704dde2000 rw-p 00001000 fe:00 266697                     /lib/security/pam_nologin.so
Size:                  4 kB
Rss:                   4 kB
Pss:                   2 kB
Shared_Clean:          0 kB
Shared_Dirty:          4 kB
Private_Clean:         0 kB
Private_Dirty:         0 kB
Referenced:            4 kB
Anonymous:             4 kB
AnonHugePages:         0 kB
Swap:                  0 kB
KernelPageSize:        4 kB
MMUPageSize:           4 kB
Locked:                0 kB
7f704dde2000-7f704dde6000 r-xp 00000000 fe:00 262250                     /lib/libattr.so.1.1.0
Size:                 16 kB
Rss:                  12 kB
Pss:                   3 kB
Shared_Clean:         12 kB
Shared_Dirty:          0 kB
Private_Clean:         0 kB
Private_Dirty:         0 kB
Referenced:           12 kB
Anonymous:             0 kB
AnonHugePages:         0 kB
Swap:                  0 kB
KernelPageSize:        4 kB
MMUPageSize:           4 kB
Locked:                0 kB
7f704dde6000-7f704dfe5000 ---p 00004000 fe:00 262250                     /lib/libattr.so.1.1.0
Size:               2044 kB
Rss:                   0 kB
Pss:                   0 kB
Shared_Clean:          0 kB
Shared_Dirty:          0 kB
Private_Clean:         0 kB
Private_Dirty:         0 kB
Referenced:            0 kB
Anonymous:             0 kB
AnonHugePages:         0 kB
Swap:                  0 kB
KernelPageSize:        4 kB
MMUPageSize:           4 kB
Locked:                0 kB
7f704dfe5000-7f704dfe6000 rw-p 00003000 fe:00 262250                     /lib/libattr.so.1.1.0
Size:                  4 kB
Rss:                   4 kB
Pss:                   2 kB
Shared_Clean:          0 kB
Shared_Dirty:          4 kB
Private_Clean:         0 kB
Private_Dirty:         0 kB
Referenced:            4 kB
Anonymous:             4 kB
AnonHugePages:         0 kB
Swap:                  0 kB
KernelPageSize:        4 kB
MMUPageSize:           4 kB
Locked:                0 kB
7f704dfe6000-7f704dfea000 r-xp 00000000 fe:00 262258                     /lib/libcap.so.2.19
Size:                 16 kB
Rss:                   4 kB
Pss:                   1 kB
Shared_Clean:          4 kB
Shared_Dirty:          0 kB
Private_Clean:         0 kB
Private_Dirty:         0 kB
Referenced:            4 kB
Anonymous:             0 kB
AnonHugePages:         0 kB
Swap:                  0 kB
KernelPageSize:        4 kB
MMUPageSize:           4 kB
Locked:                0 kB
7f704dfea000-7f704e1e9000 ---p 00004000 fe:00 262258                     /lib/libcap.so.2.19
Size:               2044 kB
Rss:                   0 kB
Pss:                   0 kB
Shared_Clean:          0 kB
Shared_Dirty:          0 kB
Private_Clean:         0 kB
Private_Dirty:         0 kB
Referenced:            0 kB
Anonymous:             0 kB
AnonHugePages:         0 kB
Swap:                  0 kB
KernelPageSize:        4 kB
MMUPageSize:           4 kB
Locked:                0 kB
7f704e1e9000-7f704e1ea000 rw-p 00003000 fe:00 262258                     /lib/libcap.so.2.19
Size:                  4 kB
Rss:                   4 kB
Pss:                   2 kB
Shared_Clean:          0 kB
Shared_Dirty:          4 kB
Private_Clean:         0 kB
Private_Dirty:         0 kB
Referenced:            4 kB
Anonymous:             4 kB
AnonHugePages:         0 kB
Swap:                  0 kB
KernelPageSize:        4 kB
MMUPageSize:           4 kB
Locked:                0 kB
7f704e1ea000-7f704e1ec000 r-xp 00000000 fe:00 266674                     /lib/security/pam_cap.so
Size:                  8 kB
Rss:                   0 kB
Pss:                   0 kB
Shared_Clean:          0 kB
Shared_Dirty:          0 kB
Private_Clean:         0 kB
Private_Dirty:         0 kB
Referenced:            0 kB
Anonymous:             0 kB
AnonHugePages:         0 kB
Swap:                  0 kB
KernelPageSize:        4 kB
MMUPageSize:           4 kB
Locked:                0 kB
7f704e1ec000-7f704e3eb000 ---p 00002000 fe:00 266674                     /lib/security/pam_cap.so
Size:               2044 kB
Rss:                   0 kB
Pss:                   0 kB
Shared_Clean:          0 kB
Shared_Dirty:          0 kB
Private_Clean:         0 kB
Private_Dirty:         0 kB
Referenced:            0 kB
Anonymous:             0 kB
AnonHugePages:         0 kB
Swap:                  0 kB
KernelPageSize:        4 kB
MMUPageSize:           4 kB
Locked:                0 kB
7f704e3eb000-7f704e3ec000 rw-p 00001000 fe:00 266674                     /lib/security/pam_cap.so
Size:                  4 kB
Rss:                   4 kB
Pss:                   2 kB
Shared_Clean:          0 kB
Shared_Dirty:          4 kB
Private_Clean:         0 kB
Private_Dirty:         0 kB
Referenced:            4 kB
Anonymous:             4 kB
AnonHugePages:         0 kB
Swap:                  0 kB
KernelPageSize:        4 kB
MMUPageSize:           4 kB
Locked:                0 kB
7f704e3ec000-7f704e3ed000 r-xp 00000000 fe:00 266698                     /lib/security/pam_permit.so
Size:                  4 kB
Rss:                   0 kB
Pss:                   0 kB
Shared_Clean:          0 kB
Shared_Dirty:          0 kB
Private_Clean:         0 kB
Private_Dirty:         0 kB
Referenced:            0 kB
Anonymous:             0 kB
AnonHugePages:         0 kB
Swap:                  0 kB
KernelPageSize:        4 kB
MMUPageSize:           4 kB
Locked:                0 kB
7f704e3ed000-7f704e5ec000 ---p 00001000 fe:00 266698                     /lib/security/pam_permit.so
Size:               2044 kB
Rss:                   0 kB
Pss:                   0 kB
Shared_Clean:          0 kB
Shared_Dirty:          0 kB
Private_Clean:         0 kB
Private_Dirty:         0 kB
Referenced:            0 kB
Anonymous:             0 kB
AnonHugePages:         0 kB
Swap:                  0 kB
KernelPageSize:        4 kB
MMUPageSize:           4 kB
Locked:                0 kB
7f704e5ec000-7f704e5ed000 rw-p 00000000 fe:00 266698                     /lib/security/pam_permit.so
Size:                  4 kB
Rss:                   4 kB
Pss:                   2 kB
Shared_Clean:          0 kB
Shared_Dirty:          4 kB
Private_Clean:         0 kB
Private_Dirty:         0 kB
Referenced:            4 kB
Anonymous:             4 kB
AnonHugePages:         0 kB
Swap:                  0 kB
KernelPageSize:        4 kB
MMUPageSize:           4 kB
Locked:                0 kB
7f704e5ed000-7f704e5ee000 r-xp 00000000 fe:00 266677                     /lib/security/pam_deny.so
Size:                  4 kB
Rss:                   0 kB
Pss:                   0 kB
Shared_Clean:          0 kB
Shared_Dirty:          0 kB
Private_Clean:         0 kB
Private_Dirty:         0 kB
Referenced:            0 kB
Anonymous:             0 kB
AnonHugePages:         0 kB
Swap:                  0 kB
KernelPageSize:        4 kB
MMUPageSize:           4 kB
Locked:                0 kB
7f704e5ee000-7f704e7ed000 ---p 00001000 fe:00 266677                     /lib/security/pam_deny.so
Size:               2044 kB
Rss:                   0 kB
Pss:                   0 kB
Shared_Clean:          0 kB
Shared_Dirty:          0 kB
Private_Clean:         0 kB
Private_Dirty:         0 kB
Referenced:            0 kB
Anonymous:             0 kB
AnonHugePages:         0 kB
Swap:                  0 kB
KernelPageSize:        4 kB
MMUPageSize:           4 kB
Locked:                0 kB
7f704e7ed000-7f704e7ee000 rw-p 00000000 fe:00 266677                     /lib/security/pam_deny.so
Size:                  4 kB
Rss:                   4 kB
Pss:                   2 kB
Shared_Clean:          0 kB
Shared_Dirty:          4 kB
Private_Clean:         0 kB
Private_Dirty:         0 kB
Referenced:            4 kB
Anonymous:             4 kB
AnonHugePages:         0 kB
Swap:                  0 kB
KernelPageSize:        4 kB
MMUPageSize:           4 kB
Locked:                0 kB
7f704e7ee000-7f704e7fb000 r-xp 00000000 fe:00 266713                     /lib/security/pam_unix.so
Size:                 52 kB
Rss:                   0 kB
Pss:                   0 kB
Shared_Clean:          0 kB
Shared_Dirty:          0 kB
Private_Clean:         0 kB
Private_Dirty:         0 kB
Referenced:            0 kB
Anonymous:             0 kB
AnonHugePages:         0 kB
Swap:                  0 kB
KernelPageSize:        4 kB
MMUPageSize:           4 kB
Locked:                0 kB
7f704e7fb000-7f704e9fb000 ---p 0000d000 fe:00 266713                     /lib/security/pam_unix.so
Size:               2048 kB
Rss:                   0 kB
Pss:                   0 kB
Shared_Clean:          0 kB
Shared_Dirty:          0 kB
Private_Clean:         0 kB
Private_Dirty:         0 kB
Referenced:            0 kB
Anonymous:             0 kB
AnonHugePages:         0 kB
Swap:                  0 kB
KernelPageSize:        4 kB
MMUPageSize:           4 kB
Locked:                0 kB
7f704e9fb000-7f704e9fc000 rw-p 0000d000 fe:00 266713                     /lib/security/pam_unix.so
Size:                  4 kB
Rss:                   4 kB
Pss:                   2 kB
Shared_Clean:          0 kB
Shared_Dirty:          4 kB
Private_Clean:         0 kB
Private_Dirty:         0 kB
Referenced:            4 kB
Anonymous:             4 kB
AnonHugePages:         0 kB
Swap:                  0 kB
KernelPageSize:        4 kB
MMUPageSize:           4 kB
Locked:                0 kB
7f704e9fc000-7f704ea08000 rw-p 00000000 00:00 0 
Size:                 48 kB
Rss:                   0 kB
Pss:                   0 kB
Shared_Clean:          0 kB
Shared_Dirty:          0 kB
Private_Clean:         0 kB
Private_Dirty:         0 kB
Referenced:            0 kB
Anonymous:             0 kB
AnonHugePages:         0 kB
Swap:                  0 kB
KernelPageSize:        4 kB
MMUPageSize:           4 kB
Locked:                0 kB
7f704ea08000-7f704ea0b000 r-xp 00000000 fe:00 266679                     /lib/security/pam_env.so
Size:                 12 kB
Rss:                   0 kB
Pss:                   0 kB
Shared_Clean:          0 kB
Shared_Dirty:          0 kB
Private_Clean:         0 kB
Private_Dirty:         0 kB
Referenced:            0 kB
Anonymous:             0 kB
AnonHugePages:         0 kB
Swap:                  0 kB
KernelPageSize:        4 kB
MMUPageSize:           4 kB
Locked:                0 kB
7f704ea0b000-7f704ec0a000 ---p 00003000 fe:00 266679                     /lib/security/pam_env.so
Size:               2044 kB
Rss:                   0 kB
Pss:                   0 kB
Shared_Clean:          0 kB
Shared_Dirty:          0 kB
Private_Clean:         0 kB
Private_Dirty:         0 kB
Referenced:            0 kB
Anonymous:             0 kB
AnonHugePages:         0 kB
Swap:                  0 kB
KernelPageSize:        4 kB
MMUPageSize:           4 kB
Locked:                0 kB
7f704ec0a000-7f704ec0b000 rw-p 00002000 fe:00 266679                     /lib/security/pam_env.so
Size:                  4 kB
Rss:                   4 kB
Pss:                   2 kB
Shared_Clean:          0 kB
Shared_Dirty:          4 kB
Private_Clean:         0 kB
Private_Dirty:         0 kB
Referenced:            4 kB
Anonymous:             4 kB
AnonHugePages:         0 kB
Swap:                  0 kB
KernelPageSize:        4 kB
MMUPageSize:           4 kB
Locked:                0 kB
7f704ec0b000-7f704ec10000 r-xp 00000000 fe:00 268106                     /lib/libnss_dns-2.11.3.so
Size:                 20 kB
Rss:                  20 kB
Pss:                   2 kB
Shared_Clean:         20 kB
Shared_Dirty:          0 kB
Private_Clean:         0 kB
Private_Dirty:         0 kB
Referenced:           20 kB
Anonymous:             0 kB
AnonHugePages:         0 kB
Swap:                  0 kB
KernelPageSize:        4 kB
MMUPageSize:           4 kB
Locked:                0 kB
7f704ec10000-7f704ee0f000 ---p 00005000 fe:00 268106                     /lib/libnss_dns-2.11.3.so
Size:               2044 kB
Rss:                   0 kB
Pss:                   0 kB
Shared_Clean:          0 kB
Shared_Dirty:          0 kB
Private_Clean:         0 kB
Private_Dirty:         0 kB
Referenced:            0 kB
Anonymous:             0 kB
AnonHugePages:         0 kB
Swap:                  0 kB
KernelPageSize:        4 kB
MMUPageSize:           4 kB
Locked:                0 kB
7f704ee0f000-7f704ee10000 r--p 00004000 fe:00 268106                     /lib/libnss_dns-2.11.3.so
Size:                  4 kB
Rss:                   4 kB
Pss:                   2 kB
Shared_Clean:          0 kB
Shared_Dirty:          4 kB
Private_Clean:         0 kB
Private_Dirty:         0 kB
Referenced:            4 kB
Anonymous:             4 kB
AnonHugePages:         0 kB
Swap:                  0 kB
KernelPageSize:        4 kB
MMUPageSize:           4 kB
Locked:                0 kB
7f704ee10000-7f704ee11000 rw-p 00005000 fe:00 268106                     /lib/libnss_dns-2.11.3.so
Size:                  4 kB
Rss:                   4 kB
Pss:                   2 kB
Shared_Clean:          0 kB
Shared_Dirty:          4 kB
Private_Clean:         0 kB
Private_Dirty:         0 kB
Referenced:            4 kB
Anonymous:             4 kB
AnonHugePages:         0 kB
Swap:                  0 kB
KernelPageSize:        4 kB
MMUPageSize:           4 kB
Locked:                0 kB
7f704ee11000-7f704ee13000 r-xp 00000000 fe:00 262290                     /lib/libnss_mdns4_minimal.so.2
Size:                  8 kB
Rss:                   8 kB
Pss:                   0 kB
Shared_Clean:          8 kB
Shared_Dirty:          0 kB
Private_Clean:         0 kB
Private_Dirty:         0 kB
Referenced:            8 kB
Anonymous:             0 kB
AnonHugePages:         0 kB
Swap:                  0 kB
KernelPageSize:        4 kB
MMUPageSize:           4 kB
Locked:                0 kB
7f704ee13000-7f704f012000 ---p 00002000 fe:00 262290                     /lib/libnss_mdns4_minimal.so.2
Size:               2044 kB
Rss:                   0 kB
Pss:                   0 kB
Shared_Clean:          0 kB
Shared_Dirty:          0 kB
Private_Clean:         0 kB
Private_Dirty:         0 kB
Referenced:            0 kB
Anonymous:             0 kB
AnonHugePages:         0 kB
Swap:                  0 kB
KernelPageSize:        4 kB
MMUPageSize:           4 kB
Locked:                0 kB
7f704f012000-7f704f013000 rw-p 00001000 fe:00 262290                     /lib/libnss_mdns4_minimal.so.2
Size:                  4 kB
Rss:                   4 kB
Pss:                   2 kB
Shared_Clean:          0 kB
Shared_Dirty:          4 kB
Private_Clean:         0 kB
Private_Dirty:         0 kB
Referenced:            4 kB
Anonymous:             4 kB
AnonHugePages:         0 kB
Swap:                  0 kB
KernelPageSize:        4 kB
MMUPageSize:           4 kB
Locked:                0 kB
7f704f013000-7f704f01f000 r-xp 00000000 fe:00 268107                     /lib/libnss_files-2.11.3.so
Size:                 48 kB
Rss:                  28 kB
Pss:                   1 kB
Shared_Clean:         28 kB
Shared_Dirty:          0 kB
Private_Clean:         0 kB
Private_Dirty:         0 kB
Referenced:           28 kB
Anonymous:             0 kB
AnonHugePages:         0 kB
Swap:                  0 kB
KernelPageSize:        4 kB
MMUPageSize:           4 kB
Locked:                0 kB
7f704f01f000-7f704f21e000 ---p 0000c000 fe:00 268107                     /lib/libnss_files-2.11.3.so
Size:               2044 kB
Rss:                   0 kB
Pss:                   0 kB
Shared_Clean:          0 kB
Shared_Dirty:          0 kB
Private_Clean:         0 kB
Private_Dirty:         0 kB
Referenced:            0 kB
Anonymous:             0 kB
AnonHugePages:         0 kB
Swap:                  0 kB
KernelPageSize:        4 kB
MMUPageSize:           4 kB
Locked:                0 kB
7f704f21e000-7f704f21f000 r--p 0000b000 fe:00 268107                     /lib/libnss_files-2.11.3.so
Size:                  4 kB
Rss:                   4 kB
Pss:                   2 kB
Shared_Clean:          0 kB
Shared_Dirty:          4 kB
Private_Clean:         0 kB
Private_Dirty:         0 kB
Referenced:            4 kB
Anonymous:             4 kB
AnonHugePages:         0 kB
Swap:                  0 kB
KernelPageSize:        4 kB
MMUPageSize:           4 kB
Locked:                0 kB
7f704f21f000-7f704f220000 rw-p 0000c000 fe:00 268107                     /lib/libnss_files-2.11.3.so
Size:                  4 kB
Rss:                   4 kB
Pss:                   2 kB
Shared_Clean:          0 kB
Shared_Dirty:          4 kB
Private_Clean:         0 kB
Private_Dirty:         0 kB
Referenced:            4 kB
Anonymous:             4 kB
AnonHugePages:         0 kB
Swap:                  0 kB
KernelPageSize:        4 kB
MMUPageSize:           4 kB
Locked:                0 kB
7f704f220000-7f704f22a000 r-xp 00000000 fe:00 268109                     /lib/libnss_nis-2.11.3.so
Size:                 40 kB
Rss:                  16 kB
Pss:                   1 kB
Shared_Clean:         16 kB
Shared_Dirty:          0 kB
Private_Clean:         0 kB
Private_Dirty:         0 kB
Referenced:           16 kB
Anonymous:             0 kB
AnonHugePages:         0 kB
Swap:                  0 kB
KernelPageSize:        4 kB
MMUPageSize:           4 kB
Locked:                0 kB
7f704f22a000-7f704f429000 ---p 0000a000 fe:00 268109                     /lib/libnss_nis-2.11.3.so
Size:               2044 kB
Rss:                   0 kB
Pss:                   0 kB
Shared_Clean:          0 kB
Shared_Dirty:          0 kB
Private_Clean:         0 kB
Private_Dirty:         0 kB
Referenced:            0 kB
Anonymous:             0 kB
AnonHugePages:         0 kB
Swap:                  0 kB
KernelPageSize:        4 kB
MMUPageSize:           4 kB
Locked:                0 kB
7f704f429000-7f704f42a000 r--p 00009000 fe:00 268109                     /lib/libnss_nis-2.11.3.so
Size:                  4 kB
Rss:                   4 kB
Pss:                   2 kB
Shared_Clean:          0 kB
Shared_Dirty:          4 kB
Private_Clean:         0 kB
Private_Dirty:         0 kB
Referenced:            4 kB
Anonymous:             4 kB
AnonHugePages:         0 kB
Swap:                  0 kB
KernelPageSize:        4 kB
MMUPageSize:           4 kB
Locked:                0 kB
7f704f42a000-7f704f42b000 rw-p 0000a000 fe:00 268109                     /lib/libnss_nis-2.11.3.so
Size:                  4 kB
Rss:                   4 kB
Pss:                   4 kB
Shared_Clean:          0 kB
Shared_Dirty:          0 kB
Private_Clean:         0 kB
Private_Dirty:         4 kB
Referenced:            4 kB
Anonymous:             4 kB
AnonHugePages:         0 kB
Swap:                  0 kB
KernelPageSize:        4 kB
MMUPageSize:           4 kB
Locked:                0 kB
7f704f42b000-7f704f432000 r-xp 00000000 fe:00 268105                     /lib/libnss_compat-2.11.3.so
Size:                 28 kB
Rss:                   8 kB
Pss:                   0 kB
Shared_Clean:          8 kB
Shared_Dirty:          0 kB
Private_Clean:         0 kB
Private_Dirty:         0 kB
Referenced:            8 kB
Anonymous:             0 kB
AnonHugePages:         0 kB
Swap:                  0 kB
KernelPageSize:        4 kB
MMUPageSize:           4 kB
Locked:                0 kB
7f704f432000-7f704f631000 ---p 00007000 fe:00 268105                     /lib/libnss_compat-2.11.3.so
Size:               2044 kB
Rss:                   0 kB
Pss:                   0 kB
Shared_Clean:          0 kB
Shared_Dirty:          0 kB
Private_Clean:         0 kB
Private_Dirty:         0 kB
Referenced:            0 kB
Anonymous:             0 kB
AnonHugePages:         0 kB
Swap:                  0 kB
KernelPageSize:        4 kB
MMUPageSize:           4 kB
Locked:                0 kB
7f704f631000-7f704f632000 r--p 00006000 fe:00 268105                     /lib/libnss_compat-2.11.3.so
Size:                  4 kB
Rss:                   4 kB
Pss:                   2 kB
Shared_Clean:          0 kB
Shared_Dirty:          4 kB
Private_Clean:         0 kB
Private_Dirty:         0 kB
Referenced:            4 kB
Anonymous:             4 kB
AnonHugePages:         0 kB
Swap:                  0 kB
KernelPageSize:        4 kB
MMUPageSize:           4 kB
Locked:                0 kB
7f704f632000-7f704f633000 rw-p 00007000 fe:00 268105                     /lib/libnss_compat-2.11.3.so
Size:                  4 kB
Rss:                   4 kB
Pss:                   4 kB
Shared_Clean:          0 kB
Shared_Dirty:          0 kB
Private_Clean:         0 kB
Private_Dirty:         4 kB
Referenced:            4 kB
Anonymous:             4 kB
AnonHugePages:         0 kB
Swap:                  0 kB
KernelPageSize:        4 kB
MMUPageSize:           4 kB
Locked:                0 kB
7f704f633000-7f704f64a000 r-xp 00000000 fe:00 268092                     /lib/libpthread-2.11.3.so
Size:                 92 kB
Rss:                  56 kB
Pss:                   0 kB
Shared_Clean:         56 kB
Shared_Dirty:          0 kB
Private_Clean:         0 kB
Private_Dirty:         0 kB
Referenced:           56 kB
Anonymous:             0 kB
AnonHugePages:         0 kB
Swap:                  0 kB
KernelPageSize:        4 kB
MMUPageSize:           4 kB
Locked:                0 kB
7f704f64a000-7f704f849000 ---p 00017000 fe:00 268092                     /lib/libpthread-2.11.3.so
Size:               2044 kB
Rss:                   0 kB
Pss:                   0 kB
Shared_Clean:          0 kB
Shared_Dirty:          0 kB
Private_Clean:         0 kB
Private_Dirty:         0 kB
Referenced:            0 kB
Anonymous:             0 kB
AnonHugePages:         0 kB
Swap:                  0 kB
KernelPageSize:        4 kB
MMUPageSize:           4 kB
Locked:                0 kB
7f704f849000-7f704f84a000 r--p 00016000 fe:00 268092                     /lib/libpthread-2.11.3.so
Size:                  4 kB
Rss:                   4 kB
Pss:                   2 kB
Shared_Clean:          0 kB
Shared_Dirty:          4 kB
Private_Clean:         0 kB
Private_Dirty:         0 kB
Referenced:            4 kB
Anonymous:             4 kB
AnonHugePages:         0 kB
Swap:                  0 kB
KernelPageSize:        4 kB
MMUPageSize:           4 kB
Locked:                0 kB
7f704f84a000-7f704f84b000 rw-p 00017000 fe:00 268092                     /lib/libpthread-2.11.3.so
Size:                  4 kB
Rss:                   4 kB
Pss:                   4 kB
Shared_Clean:          0 kB
Shared_Dirty:          0 kB
Private_Clean:         0 kB
Private_Dirty:         4 kB
Referenced:            4 kB
Anonymous:             4 kB
AnonHugePages:         0 kB
Swap:                  0 kB
KernelPageSize:        4 kB
MMUPageSize:           4 kB
Locked:                0 kB
7f704f84b000-7f704f84f000 rw-p 00000000 00:00 0 
Size:                 16 kB
Rss:                   4 kB
Pss:                   4 kB
Shared_Clean:          0 kB
Shared_Dirty:          0 kB
Private_Clean:         0 kB
Private_Dirty:         4 kB
Referenced:            4 kB
Anonymous:             4 kB
AnonHugePages:         0 kB
Swap:                  0 kB
KernelPageSize:        4 kB
MMUPageSize:           4 kB
Locked:                0 kB
7f704f84f000-7f704f862000 r-xp 00000000 fe:00 268112                     /lib/libresolv-2.11.3.so
Size:                 76 kB
Rss:                  52 kB
Pss:                   4 kB
Shared_Clean:         52 kB
Shared_Dirty:          0 kB
Private_Clean:         0 kB
Private_Dirty:         0 kB
Referenced:           52 kB
Anonymous:             0 kB
AnonHugePages:         0 kB
Swap:                  0 kB
KernelPageSize:        4 kB
MMUPageSize:           4 kB
Locked:                0 kB
7f704f862000-7f704fa61000 ---p 00013000 fe:00 268112                     /lib/libresolv-2.11.3.so
Size:               2044 kB
Rss:                   0 kB
Pss:                   0 kB
Shared_Clean:          0 kB
Shared_Dirty:          0 kB
Private_Clean:         0 kB
Private_Dirty:         0 kB
Referenced:            0 kB
Anonymous:             0 kB
AnonHugePages:         0 kB
Swap:                  0 kB
KernelPageSize:        4 kB
MMUPageSize:           4 kB
Locked:                0 kB
7f704fa61000-7f704fa62000 r--p 00012000 fe:00 268112                     /lib/libresolv-2.11.3.so
Size:                  4 kB
Rss:                   4 kB
Pss:                   2 kB
Shared_Clean:          0 kB
Shared_Dirty:          4 kB
Private_Clean:         0 kB
Private_Dirty:         0 kB
Referenced:            4 kB
Anonymous:             4 kB
AnonHugePages:         0 kB
Swap:                  0 kB
KernelPageSize:        4 kB
MMUPageSize:           4 kB
Locked:                0 kB
7f704fa62000-7f704fa63000 rw-p 00013000 fe:00 268112                     /lib/libresolv-2.11.3.so
Size:                  4 kB
Rss:                   4 kB
Pss:                   2 kB
Shared_Clean:          0 kB
Shared_Dirty:          4 kB
Private_Clean:         0 kB
Private_Dirty:         0 kB
Referenced:            4 kB
Anonymous:             4 kB
AnonHugePages:         0 kB
Swap:                  0 kB
KernelPageSize:        4 kB
MMUPageSize:           4 kB
Locked:                0 kB
7f704fa63000-7f704fa65000 rw-p 00000000 00:00 0 
Size:                  8 kB
Rss:                   4 kB
Pss:                   2 kB
Shared_Clean:          0 kB
Shared_Dirty:          4 kB
Private_Clean:         0 kB
Private_Dirty:         0 kB
Referenced:            4 kB
Anonymous:             4 kB
AnonHugePages:         0 kB
Swap:                  0 kB
KernelPageSize:        4 kB
MMUPageSize:           4 kB
Locked:                0 kB
7f704fa65000-7f704fa67000 r-xp 00000000 fe:00 262278                     /lib/libkeyutils.so.1.3
Size:                  8 kB
Rss:                   0 kB
Pss:                   0 kB
Shared_Clean:          0 kB
Shared_Dirty:          0 kB
Private_Clean:         0 kB
Private_Dirty:         0 kB
Referenced:            0 kB
Anonymous:             0 kB
AnonHugePages:         0 kB
Swap:                  0 kB
KernelPageSize:        4 kB
MMUPageSize:           4 kB
Locked:                0 kB
7f704fa67000-7f704fc66000 ---p 00002000 fe:00 262278                     /lib/libkeyutils.so.1.3
Size:               2044 kB
Rss:                   0 kB
Pss:                   0 kB
Shared_Clean:          0 kB
Shared_Dirty:          0 kB
Private_Clean:         0 kB
Private_Dirty:         0 kB
Referenced:            0 kB
Anonymous:             0 kB
AnonHugePages:         0 kB
Swap:                  0 kB
KernelPageSize:        4 kB
MMUPageSize:           4 kB
Locked:                0 kB
7f704fc66000-7f704fc67000 rw-p 00001000 fe:00 262278                     /lib/libkeyutils.so.1.3
Size:                  4 kB
Rss:                   4 kB
Pss:                   2 kB
Shared_Clean:          0 kB
Shared_Dirty:          4 kB
Private_Clean:         0 kB
Private_Dirty:         0 kB
Referenced:            4 kB
Anonymous:             4 kB
AnonHugePages:         0 kB
Swap:                  0 kB
KernelPageSize:        4 kB
MMUPageSize:           4 kB
Locked:                0 kB
7f704fc67000-7f704fc6e000 r-xp 00000000 fe:00 8086                       /usr/lib/libkrb5support.so.0.1
Size:                 28 kB
Rss:                   0 kB
Pss:                   0 kB
Shared_Clean:          0 kB
Shared_Dirty:          0 kB
Private_Clean:         0 kB
Private_Dirty:         0 kB
Referenced:            0 kB
Anonymous:             0 kB
AnonHugePages:         0 kB
Swap:                  0 kB
KernelPageSize:        4 kB
MMUPageSize:           4 kB
Locked:                0 kB
7f704fc6e000-7f704fe6e000 ---p 00007000 fe:00 8086                       /usr/lib/libkrb5support.so.0.1
Size:               2048 kB
Rss:                   0 kB
Pss:                   0 kB
Shared_Clean:          0 kB
Shared_Dirty:          0 kB
Private_Clean:         0 kB
Private_Dirty:         0 kB
Referenced:            0 kB
Anonymous:             0 kB
AnonHugePages:         0 kB
Swap:                  0 kB
KernelPageSize:        4 kB
MMUPageSize:           4 kB
Locked:                0 kB
7f704fe6e000-7f704fe6f000 rw-p 00007000 fe:00 8086                       /usr/lib/libkrb5support.so.0.1
Size:                  4 kB
Rss:                   4 kB
Pss:                   2 kB
Shared_Clean:          0 kB
Shared_Dirty:          4 kB
Private_Clean:         0 kB
Private_Dirty:         0 kB
Referenced:            4 kB
Anonymous:             4 kB
AnonHugePages:         0 kB
Swap:                  0 kB
KernelPageSize:        4 kB
MMUPageSize:           4 kB
Locked:                0 kB
7f704fe6f000-7f704fe94000 r-xp 00000000 fe:00 8039                       /usr/lib/libk5crypto.so.3.1
Size:                148 kB
Rss:                   0 kB
Pss:                   0 kB
Shared_Clean:          0 kB
Shared_Dirty:          0 kB
Private_Clean:         0 kB
Private_Dirty:         0 kB
Referenced:            0 kB
Anonymous:             0 kB
AnonHugePages:         0 kB
Swap:                  0 kB
KernelPageSize:        4 kB
MMUPageSize:           4 kB
Locked:                0 kB
7f704fe94000-7f7050093000 ---p 00025000 fe:00 8039                       /usr/lib/libk5crypto.so.3.1
Size:               2044 kB
Rss:                   0 kB
Pss:                   0 kB
Shared_Clean:          0 kB
Shared_Dirty:          0 kB
Private_Clean:         0 kB
Private_Dirty:         0 kB
Referenced:            0 kB
Anonymous:             0 kB
AnonHugePages:         0 kB
Swap:                  0 kB
KernelPageSize:        4 kB
MMUPageSize:           4 kB
Locked:                0 kB
7f7050093000-7f7050095000 rw-p 00024000 fe:00 8039                       /usr/lib/libk5crypto.so.3.1
Size:                  8 kB
Rss:                   8 kB
Pss:                   4 kB
Shared_Clean:          0 kB
Shared_Dirty:          8 kB
Private_Clean:         0 kB
Private_Dirty:         0 kB
Referenced:            8 kB
Anonymous:             8 kB
AnonHugePages:         0 kB
Swap:                  0 kB
KernelPageSize:        4 kB
MMUPageSize:           4 kB
Locked:                0 kB
7f7050095000-7f7050097000 r-xp 00000000 fe:00 268099                     /lib/libdl-2.11.3.so
Size:                  8 kB
Rss:                   8 kB
Pss:                   0 kB
Shared_Clean:          8 kB
Shared_Dirty:          0 kB
Private_Clean:         0 kB
Private_Dirty:         0 kB
Referenced:            8 kB
Anonymous:             0 kB
AnonHugePages:         0 kB
Swap:                  0 kB
KernelPageSize:        4 kB
MMUPageSize:           4 kB
Locked:                0 kB
7f7050097000-7f7050297000 ---p 00002000 fe:00 268099                     /lib/libdl-2.11.3.so
Size:               2048 kB
Rss:                   0 kB
Pss:                   0 kB
Shared_Clean:          0 kB
Shared_Dirty:          0 kB
Private_Clean:         0 kB
Private_Dirty:         0 kB
Referenced:            0 kB
Anonymous:             0 kB
AnonHugePages:         0 kB
Swap:                  0 kB
KernelPageSize:        4 kB
MMUPageSize:           4 kB
Locked:                0 kB
7f7050297000-7f7050298000 r--p 00002000 fe:00 268099                     /lib/libdl-2.11.3.so
Size:                  4 kB
Rss:                   4 kB
Pss:                   2 kB
Shared_Clean:          0 kB
Shared_Dirty:          4 kB
Private_Clean:         0 kB
Private_Dirty:         0 kB
Referenced:            4 kB
Anonymous:             4 kB
AnonHugePages:         0 kB
Swap:                  0 kB
KernelPageSize:        4 kB
MMUPageSize:           4 kB
Locked:                0 kB
7f7050298000-7f7050299000 rw-p 00003000 fe:00 268099                     /lib/libdl-2.11.3.so
Size:                  4 kB
Rss:                   4 kB
Pss:                   2 kB
Shared_Clean:          0 kB
Shared_Dirty:          4 kB
Private_Clean:         0 kB
Private_Dirty:         0 kB
Referenced:            4 kB
Anonymous:             4 kB
AnonHugePages:         0 kB
Swap:                  0 kB
KernelPageSize:        4 kB
MMUPageSize:           4 kB
Locked:                0 kB
7f7050299000-7f70502ae000 r-xp 00000000 fe:00 268104                     /lib/libnsl-2.11.3.so
Size:                 84 kB
Rss:                  24 kB
Pss:                   0 kB
Shared_Clean:         24 kB
Shared_Dirty:          0 kB
Private_Clean:         0 kB
Private_Dirty:         0 kB
Referenced:           24 kB
Anonymous:             0 kB
AnonHugePages:         0 kB
Swap:                  0 kB
KernelPageSize:        4 kB
MMUPageSize:           4 kB
Locked:                0 kB
7f70502ae000-7f70504ad000 ---p 00015000 fe:00 268104                     /lib/libnsl-2.11.3.so
Size:               2044 kB
Rss:                   0 kB
Pss:                   0 kB
Shared_Clean:          0 kB
Shared_Dirty:          0 kB
Private_Clean:         0 kB
Private_Dirty:         0 kB
Referenced:            0 kB
Anonymous:             0 kB
AnonHugePages:         0 kB
Swap:                  0 kB
KernelPageSize:        4 kB
MMUPageSize:           4 kB
Locked:                0 kB
7f70504ad000-7f70504ae000 r--p 00014000 fe:00 268104                     /lib/libnsl-2.11.3.so
Size:                  4 kB
Rss:                   4 kB
Pss:                   2 kB
Shared_Clean:          0 kB
Shared_Dirty:          4 kB
Private_Clean:         0 kB
Private_Dirty:         0 kB
Referenced:            4 kB
Anonymous:             4 kB
AnonHugePages:         0 kB
Swap:                  0 kB
KernelPageSize:        4 kB
MMUPageSize:           4 kB
Locked:                0 kB
7f70504ae000-7f70504af000 rw-p 00015000 fe:00 268104                     /lib/libnsl-2.11.3.so
Size:                  4 kB
Rss:                   4 kB
Pss:                   2 kB
Shared_Clean:          0 kB
Shared_Dirty:          4 kB
Private_Clean:         0 kB
Private_Dirty:         0 kB
Referenced:            4 kB
Anonymous:             4 kB
AnonHugePages:         0 kB
Swap:                  0 kB
KernelPageSize:        4 kB
MMUPageSize:           4 kB
Locked:                0 kB
7f70504af000-7f70504b1000 rw-p 00000000 00:00 0 
Size:                  8 kB
Rss:                   0 kB
Pss:                   0 kB
Shared_Clean:          0 kB
Shared_Dirty:          0 kB
Private_Clean:         0 kB
Private_Dirty:         0 kB
Referenced:            0 kB
Anonymous:             0 kB
AnonHugePages:         0 kB
Swap:                  0 kB
KernelPageSize:        4 kB
MMUPageSize:           4 kB
Locked:                0 kB
7f70504b1000-7f705060a000 r-xp 00000000 fe:00 268096                     /lib/libc-2.11.3.so
Size:               1380 kB
Rss:                 664 kB
Pss:                  17 kB
Shared_Clean:        664 kB
Shared_Dirty:          0 kB
Private_Clean:         0 kB
Private_Dirty:         0 kB
Referenced:          664 kB
Anonymous:             0 kB
AnonHugePages:         0 kB
Swap:                  0 kB
KernelPageSize:        4 kB
MMUPageSize:           4 kB
Locked:                0 kB
7f705060a000-7f7050809000 ---p 00159000 fe:00 268096                     /lib/libc-2.11.3.so
Size:               2044 kB
Rss:                   0 kB
Pss:                   0 kB
Shared_Clean:          0 kB
Shared_Dirty:          0 kB
Private_Clean:         0 kB
Private_Dirty:         0 kB
Referenced:            0 kB
Anonymous:             0 kB
AnonHugePages:         0 kB
Swap:                  0 kB
KernelPageSize:        4 kB
MMUPageSize:           4 kB
Locked:                0 kB
7f7050809000-7f705080d000 r--p 00158000 fe:00 268096                     /lib/libc-2.11.3.so
Size:                 16 kB
Rss:                  16 kB
Pss:                   8 kB
Shared_Clean:          0 kB
Shared_Dirty:         16 kB
Private_Clean:         0 kB
Private_Dirty:         0 kB
Referenced:           16 kB
Anonymous:            16 kB
AnonHugePages:         0 kB
Swap:                  0 kB
KernelPageSize:        4 kB
MMUPageSize:           4 kB
Locked:                0 kB
7f705080d000-7f705080e000 rw-p 0015c000 fe:00 268096                     /lib/libc-2.11.3.so
Size:                  4 kB
Rss:                   4 kB
Pss:                   4 kB
Shared_Clean:          0 kB
Shared_Dirty:          0 kB
Private_Clean:         0 kB
Private_Dirty:         4 kB
Referenced:            4 kB
Anonymous:             4 kB
AnonHugePages:         0 kB
Swap:                  0 kB
KernelPageSize:        4 kB
MMUPageSize:           4 kB
Locked:                0 kB
7f705080e000-7f7050813000 rw-p 00000000 00:00 0 
Size:                 20 kB
Rss:                  20 kB
Pss:                  20 kB
Shared_Clean:          0 kB
Shared_Dirty:          0 kB
Private_Clean:         0 kB
Private_Dirty:        20 kB
Referenced:           20 kB
Anonymous:            20 kB
AnonHugePages:         0 kB
Swap:                  0 kB
KernelPageSize:        4 kB
MMUPageSize:           4 kB
Locked:                0 kB
7f7050813000-7f7050816000 r-xp 00000000 fe:00 262261                     /lib/libcom_err.so.2.1
Size:                 12 kB
Rss:                   0 kB
Pss:                   0 kB
Shared_Clean:          0 kB
Shared_Dirty:          0 kB
Private_Clean:         0 kB
Private_Dirty:         0 kB
Referenced:            0 kB
Anonymous:             0 kB
AnonHugePages:         0 kB
Swap:                  0 kB
KernelPageSize:        4 kB
MMUPageSize:           4 kB
Locked:                0 kB
7f7050816000-7f7050a15000 ---p 00003000 fe:00 262261                     /lib/libcom_err.so.2.1
Size:               2044 kB
Rss:                   0 kB
Pss:                   0 kB
Shared_Clean:          0 kB
Shared_Dirty:          0 kB
Private_Clean:         0 kB
Private_Dirty:         0 kB
Referenced:            0 kB
Anonymous:             0 kB
AnonHugePages:         0 kB
Swap:                  0 kB
KernelPageSize:        4 kB
MMUPageSize:           4 kB
Locked:                0 kB
7f7050a15000-7f7050a16000 rw-p 00002000 fe:00 262261                     /lib/libcom_err.so.2.1
Size:                  4 kB
Rss:                   4 kB
Pss:                   2 kB
Shared_Clean:          0 kB
Shared_Dirty:          4 kB
Private_Clean:         0 kB
Private_Dirty:         0 kB
Referenced:            4 kB
Anonymous:             4 kB
AnonHugePages:         0 kB
Swap:                  0 kB
KernelPageSize:        4 kB
MMUPageSize:           4 kB
Locked:                0 kB
7f7050a16000-7f7050ad4000 r-xp 00000000 fe:00 8085                       /usr/lib/libkrb5.so.3.3
Size:                760 kB
Rss:                   0 kB
Pss:                   0 kB
Shared_Clean:          0 kB
Shared_Dirty:          0 kB
Private_Clean:         0 kB
Private_Dirty:         0 kB
Referenced:            0 kB
Anonymous:             0 kB
AnonHugePages:         0 kB
Swap:                  0 kB
KernelPageSize:        4 kB
MMUPageSize:           4 kB
Locked:                0 kB
7f7050ad4000-7f7050cd3000 ---p 000be000 fe:00 8085                       /usr/lib/libkrb5.so.3.3
Size:               2044 kB
Rss:                   0 kB
Pss:                   0 kB
Shared_Clean:          0 kB
Shared_Dirty:          0 kB
Private_Clean:         0 kB
Private_Dirty:         0 kB
Referenced:            0 kB
Anonymous:             0 kB
AnonHugePages:         0 kB
Swap:                  0 kB
KernelPageSize:        4 kB
MMUPageSize:           4 kB
Locked:                0 kB
7f7050cd3000-7f7050cde000 rw-p 000bd000 fe:00 8085                       /usr/lib/libkrb5.so.3.3
Size:                 44 kB
Rss:                  44 kB
Pss:                  22 kB
Shared_Clean:          0 kB
Shared_Dirty:         44 kB
Private_Clean:         0 kB
Private_Dirty:         0 kB
Referenced:           44 kB
Anonymous:            44 kB
AnonHugePages:         0 kB
Swap:                  0 kB
KernelPageSize:        4 kB
MMUPageSize:           4 kB
Locked:                0 kB
7f7050cde000-7f7050d11000 r-xp 00000000 fe:00 7899                       /usr/lib/libgssapi_krb5.so.2.2
Size:                204 kB
Rss:                   0 kB
Pss:                   0 kB
Shared_Clean:          0 kB
Shared_Dirty:          0 kB
Private_Clean:         0 kB
Private_Dirty:         0 kB
Referenced:            0 kB
Anonymous:             0 kB
AnonHugePages:         0 kB
Swap:                  0 kB
KernelPageSize:        4 kB
MMUPageSize:           4 kB
Locked:                0 kB
7f7050d11000-7f7050f11000 ---p 00033000 fe:00 7899                       /usr/lib/libgssapi_krb5.so.2.2
Size:               2048 kB
Rss:                   0 kB
Pss:                   0 kB
Shared_Clean:          0 kB
Shared_Dirty:          0 kB
Private_Clean:         0 kB
Private_Dirty:         0 kB
Referenced:            0 kB
Anonymous:             0 kB
AnonHugePages:         0 kB
Swap:                  0 kB
KernelPageSize:        4 kB
MMUPageSize:           4 kB
Locked:                0 kB
7f7050f11000-7f7050f13000 rw-p 00033000 fe:00 7899                       /usr/lib/libgssapi_krb5.so.2.2
Size:                  8 kB
Rss:                   8 kB
Pss:                   4 kB
Shared_Clean:          0 kB
Shared_Dirty:          8 kB
Private_Clean:         0 kB
Private_Dirty:         0 kB
Referenced:            8 kB
Anonymous:             8 kB
AnonHugePages:         0 kB
Swap:                  0 kB
KernelPageSize:        4 kB
MMUPageSize:           4 kB
Locked:                0 kB
7f7050f13000-7f7050f1b000 r-xp 00000000 fe:00 268098                     /lib/libcrypt-2.11.3.so
Size:                 32 kB
Rss:                   0 kB
Pss:                   0 kB
Shared_Clean:          0 kB
Shared_Dirty:          0 kB
Private_Clean:         0 kB
Private_Dirty:         0 kB
Referenced:            0 kB
Anonymous:             0 kB
AnonHugePages:         0 kB
Swap:                  0 kB
KernelPageSize:        4 kB
MMUPageSize:           4 kB
Locked:                0 kB
7f7050f1b000-7f705111a000 ---p 00008000 fe:00 268098                     /lib/libcrypt-2.11.3.so
Size:               2044 kB
Rss:                   0 kB
Pss:                   0 kB
Shared_Clean:          0 kB
Shared_Dirty:          0 kB
Private_Clean:         0 kB
Private_Dirty:         0 kB
Referenced:            0 kB
Anonymous:             0 kB
AnonHugePages:         0 kB
Swap:                  0 kB
KernelPageSize:        4 kB
MMUPageSize:           4 kB
Locked:                0 kB
7f705111a000-7f705111b000 r--p 00007000 fe:00 268098                     /lib/libcrypt-2.11.3.so
Size:                  4 kB
Rss:                   4 kB
Pss:                   2 kB
Shared_Clean:          0 kB
Shared_Dirty:          4 kB
Private_Clean:         0 kB
Private_Dirty:         0 kB
Referenced:            4 kB
Anonymous:             4 kB
AnonHugePages:         0 kB
Swap:                  0 kB
KernelPageSize:        4 kB
MMUPageSize:           4 kB
Locked:                0 kB
7f705111b000-7f705111c000 rw-p 00008000 fe:00 268098                     /lib/libcrypt-2.11.3.so
Size:                  4 kB
Rss:                   4 kB
Pss:                   2 kB
Shared_Clean:          0 kB
Shared_Dirty:          4 kB
Private_Clean:         0 kB
Private_Dirty:         0 kB
Referenced:            4 kB
Anonymous:             4 kB
AnonHugePages:         0 kB
Swap:                  0 kB
KernelPageSize:        4 kB
MMUPageSize:           4 kB
Locked:                0 kB
7f705111c000-7f705114a000 rw-p 00000000 00:00 0 
Size:                184 kB
Rss:                   0 kB
Pss:                   0 kB
Shared_Clean:          0 kB
Shared_Dirty:          0 kB
Private_Clean:         0 kB
Private_Dirty:         0 kB
Referenced:            0 kB
Anonymous:             0 kB
AnonHugePages:         0 kB
Swap:                  0 kB
KernelPageSize:        4 kB
MMUPageSize:           4 kB
Locked:                0 kB
7f705114a000-7f7051161000 r-xp 00000000 fe:00 8612                       /usr/lib/libz.so.1.2.3.4
Size:                 92 kB
Rss:                  16 kB
Pss:                   0 kB
Shared_Clean:         16 kB
Shared_Dirty:          0 kB
Private_Clean:         0 kB
Private_Dirty:         0 kB
Referenced:           16 kB
Anonymous:             0 kB
AnonHugePages:         0 kB
Swap:                  0 kB
KernelPageSize:        4 kB
MMUPageSize:           4 kB
Locked:                0 kB
7f7051161000-7f7051360000 ---p 00017000 fe:00 8612                       /usr/lib/libz.so.1.2.3.4
Size:               2044 kB
Rss:                   0 kB
Pss:                   0 kB
Shared_Clean:          0 kB
Shared_Dirty:          0 kB
Private_Clean:         0 kB
Private_Dirty:         0 kB
Referenced:            0 kB
Anonymous:             0 kB
AnonHugePages:         0 kB
Swap:                  0 kB
KernelPageSize:        4 kB
MMUPageSize:           4 kB
Locked:                0 kB
7f7051360000-7f7051361000 rw-p 00016000 fe:00 8612                       /usr/lib/libz.so.1.2.3.4
Size:                  4 kB
Rss:                   4 kB
Pss:                   2 kB
Shared_Clean:          0 kB
Shared_Dirty:          4 kB
Private_Clean:         0 kB
Private_Dirty:         0 kB
Referenced:            4 kB
Anonymous:             4 kB
AnonHugePages:         0 kB
Swap:                  0 kB
KernelPageSize:        4 kB
MMUPageSize:           4 kB
Locked:                0 kB
7f7051361000-7f7051363000 r-xp 00000000 fe:00 268116                     /lib/libutil-2.11.3.so
Size:                  8 kB
Rss:                   0 kB
Pss:                   0 kB
Shared_Clean:          0 kB
Shared_Dirty:          0 kB
Private_Clean:         0 kB
Private_Dirty:         0 kB
Referenced:            0 kB
Anonymous:             0 kB
AnonHugePages:         0 kB
Swap:                  0 kB
KernelPageSize:        4 kB
MMUPageSize:           4 kB
Locked:                0 kB
7f7051363000-7f7051562000 ---p 00002000 fe:00 268116                     /lib/libutil-2.11.3.so
Size:               2044 kB
Rss:                   0 kB
Pss:                   0 kB
Shared_Clean:          0 kB
Shared_Dirty:          0 kB
Private_Clean:         0 kB
Private_Dirty:         0 kB
Referenced:            0 kB
Anonymous:             0 kB
AnonHugePages:         0 kB
Swap:                  0 kB
KernelPageSize:        4 kB
MMUPageSize:           4 kB
Locked:                0 kB
7f7051562000-7f7051563000 r--p 00001000 fe:00 268116                     /lib/libutil-2.11.3.so
Size:                  4 kB
Rss:                   4 kB
Pss:                   2 kB
Shared_Clean:          0 kB
Shared_Dirty:          4 kB
Private_Clean:         0 kB
Private_Dirty:         0 kB
Referenced:            4 kB
Anonymous:             4 kB
AnonHugePages:         0 kB
Swap:                  0 kB
KernelPageSize:        4 kB
MMUPageSize:           4 kB
Locked:                0 kB
7f7051563000-7f7051564000 rw-p 00002000 fe:00 268116                     /lib/libutil-2.11.3.so
Size:                  4 kB
Rss:                   4 kB
Pss:                   4 kB
Shared_Clean:          0 kB
Shared_Dirty:          0 kB
Private_Clean:         0 kB
Private_Dirty:         4 kB
Referenced:            4 kB
Anonymous:             4 kB
AnonHugePages:         0 kB
Swap:                  0 kB
KernelPageSize:        4 kB
MMUPageSize:           4 kB
Locked:                0 kB
7f7051564000-7f70516d9000 r-xp 00000000 fe:00 183                        /usr/lib/libcrypto.so.0.9.8
Size:               1492 kB
Rss:                   0 kB
Pss:                   0 kB
Shared_Clean:          0 kB
Shared_Dirty:          0 kB
Private_Clean:         0 kB
Private_Dirty:         0 kB
Referenced:            0 kB
Anonymous:             0 kB
AnonHugePages:         0 kB
Swap:                  0 kB
KernelPageSize:        4 kB
MMUPageSize:           4 kB
Locked:                0 kB
7f70516d9000-7f70518d9000 ---p 00175000 fe:00 183                        /usr/lib/libcrypto.so.0.9.8
Size:               2048 kB
Rss:                   0 kB
Pss:                   0 kB
Shared_Clean:          0 kB
Shared_Dirty:          0 kB
Private_Clean:         0 kB
Private_Dirty:         0 kB
Referenced:            0 kB
Anonymous:             0 kB
AnonHugePages:         0 kB
Swap:                  0 kB
KernelPageSize:        4 kB
MMUPageSize:           4 kB
Locked:                0 kB
7f70518d9000-7f7051901000 rw-p 00175000 fe:00 183                        /usr/lib/libcrypto.so.0.9.8
Size:                160 kB
Rss:                 160 kB
Pss:                  92 kB
Shared_Clean:          0 kB
Shared_Dirty:        136 kB
Private_Clean:         0 kB
Private_Dirty:        24 kB
Referenced:          156 kB
Anonymous:           160 kB
AnonHugePages:         0 kB
Swap:                  0 kB
KernelPageSize:        4 kB
MMUPageSize:           4 kB
Locked:                0 kB
7f7051901000-7f7051905000 rw-p 00000000 00:00 0 
Size:                 16 kB
Rss:                   8 kB
Pss:                   6 kB
Shared_Clean:          0 kB
Shared_Dirty:          4 kB
Private_Clean:         0 kB
Private_Dirty:         4 kB
Referenced:            8 kB
Anonymous:             8 kB
AnonHugePages:         0 kB
Swap:                  0 kB
KernelPageSize:        4 kB
MMUPageSize:           4 kB
Locked:                0 kB
7f7051905000-7f7051921000 r-xp 00000000 fe:00 262310                     /lib/libselinux.so.1
Size:                112 kB
Rss:                  28 kB
Pss:                   6 kB
Shared_Clean:         28 kB
Shared_Dirty:          0 kB
Private_Clean:         0 kB
Private_Dirty:         0 kB
Referenced:           28 kB
Anonymous:             0 kB
AnonHugePages:         0 kB
Swap:                  0 kB
KernelPageSize:        4 kB
MMUPageSize:           4 kB
Locked:                0 kB
7f7051921000-7f7051b20000 ---p 0001c000 fe:00 262310                     /lib/libselinux.so.1
Size:               2044 kB
Rss:                   0 kB
Pss:                   0 kB
Shared_Clean:          0 kB
Shared_Dirty:          0 kB
Private_Clean:         0 kB
Private_Dirty:         0 kB
Referenced:            0 kB
Anonymous:             0 kB
AnonHugePages:         0 kB
Swap:                  0 kB
KernelPageSize:        4 kB
MMUPageSize:           4 kB
Locked:                0 kB
7f7051b20000-7f7051b21000 r--p 0001b000 fe:00 262310                     /lib/libselinux.so.1
Size:                  4 kB
Rss:                   4 kB
Pss:                   2 kB
Shared_Clean:          0 kB
Shared_Dirty:          4 kB
Private_Clean:         0 kB
Private_Dirty:         0 kB
Referenced:            4 kB
Anonymous:             4 kB
AnonHugePages:         0 kB
Swap:                  0 kB
KernelPageSize:        4 kB
MMUPageSize:           4 kB
Locked:                0 kB
7f7051b21000-7f7051b22000 rw-p 0001c000 fe:00 262310                     /lib/libselinux.so.1
Size:                  4 kB
Rss:                   4 kB
Pss:                   2 kB
Shared_Clean:          0 kB
Shared_Dirty:          4 kB
Private_Clean:         0 kB
Private_Dirty:         0 kB
Referenced:            4 kB
Anonymous:             4 kB
AnonHugePages:         0 kB
Swap:                  0 kB
KernelPageSize:        4 kB
MMUPageSize:           4 kB
Locked:                0 kB
7f7051b22000-7f7051b23000 rw-p 00000000 00:00 0 
Size:                  4 kB
Rss:                   4 kB
Pss:                   2 kB
Shared_Clean:          0 kB
Shared_Dirty:          4 kB
Private_Clean:         0 kB
Private_Dirty:         0 kB
Referenced:            4 kB
Anonymous:             4 kB
AnonHugePages:         0 kB
Swap:                  0 kB
KernelPageSize:        4 kB
MMUPageSize:           4 kB
Locked:                0 kB
7f7051b23000-7f7051b2f000 r-xp 00000000 fe:00 262296                     /lib/libpam.so.0.82.2
Size:                 48 kB
Rss:                   0 kB
Pss:                   0 kB
Shared_Clean:          0 kB
Shared_Dirty:          0 kB
Private_Clean:         0 kB
Private_Dirty:         0 kB
Referenced:            0 kB
Anonymous:             0 kB
AnonHugePages:         0 kB
Swap:                  0 kB
KernelPageSize:        4 kB
MMUPageSize:           4 kB
Locked:                0 kB
7f7051b2f000-7f7051d2e000 ---p 0000c000 fe:00 262296                     /lib/libpam.so.0.82.2
Size:               2044 kB
Rss:                   0 kB
Pss:                   0 kB
Shared_Clean:          0 kB
Shared_Dirty:          0 kB
Private_Clean:         0 kB
Private_Dirty:         0 kB
Referenced:            0 kB
Anonymous:             0 kB
AnonHugePages:         0 kB
Swap:                  0 kB
KernelPageSize:        4 kB
MMUPageSize:           4 kB
Locked:                0 kB
7f7051d2e000-7f7051d2f000 rw-p 0000b000 fe:00 262296                     /lib/libpam.so.0.82.2
Size:                  4 kB
Rss:                   4 kB
Pss:                   2 kB
Shared_Clean:          0 kB
Shared_Dirty:          4 kB
Private_Clean:         0 kB
Private_Dirty:         0 kB
Referenced:            4 kB
Anonymous:             4 kB
AnonHugePages:         0 kB
Swap:                  0 kB
KernelPageSize:        4 kB
MMUPageSize:           4 kB
Locked:                0 kB
7f7051d2f000-7f7051d37000 r-xp 00000000 fe:00 262323                     /lib/libwrap.so.0.7.6
Size:                 32 kB
Rss:                  24 kB
Pss:                   2 kB
Shared_Clean:         24 kB
Shared_Dirty:          0 kB
Private_Clean:         0 kB
Private_Dirty:         0 kB
Referenced:           24 kB
Anonymous:             0 kB
AnonHugePages:         0 kB
Swap:                  0 kB
KernelPageSize:        4 kB
MMUPageSize:           4 kB
Locked:                0 kB
7f7051d37000-7f7051f36000 ---p 00008000 fe:00 262323                     /lib/libwrap.so.0.7.6
Size:               2044 kB
Rss:                   0 kB
Pss:                   0 kB
Shared_Clean:          0 kB
Shared_Dirty:          0 kB
Private_Clean:         0 kB
Private_Dirty:         0 kB
Referenced:            0 kB
Anonymous:             0 kB
AnonHugePages:         0 kB
Swap:                  0 kB
KernelPageSize:        4 kB
MMUPageSize:           4 kB
Locked:                0 kB
7f7051f36000-7f7051f38000 rw-p 00007000 fe:00 262323                     /lib/libwrap.so.0.7.6
Size:                  8 kB
Rss:                   8 kB
Pss:                   4 kB
Shared_Clean:          0 kB
Shared_Dirty:          8 kB
Private_Clean:         0 kB
Private_Dirty:         0 kB
Referenced:            8 kB
Anonymous:             8 kB
AnonHugePages:         0 kB
Swap:                  0 kB
KernelPageSize:        4 kB
MMUPageSize:           4 kB
Locked:                0 kB
7f7051f38000-7f7051f56000 r-xp 00000000 fe:00 268093                     /lib/ld-2.11.3.so
Size:                120 kB
Rss:                 112 kB
Pss:                   1 kB
Shared_Clean:        112 kB
Shared_Dirty:          0 kB
Private_Clean:         0 kB
Private_Dirty:         0 kB
Referenced:          112 kB
Anonymous:             0 kB
AnonHugePages:         0 kB
Swap:                  0 kB
KernelPageSize:        4 kB
MMUPageSize:           4 kB
Locked:                0 kB
7f7051fee000-7f705212e000 rw-s 00000000 00:04 18833479                   /dev/zero (deleted)
Size:               1280 kB
Rss:                   0 kB
Pss:                   0 kB
Shared_Clean:          0 kB
Shared_Dirty:          0 kB
Private_Clean:         0 kB
Private_Dirty:         0 kB
Referenced:            0 kB
Anonymous:             0 kB
AnonHugePages:         0 kB
Swap:                  0 kB
KernelPageSize:        4 kB
MMUPageSize:           4 kB
Locked:                0 kB
7f705212e000-7f7052137000 rw-p 00000000 00:00 0 
Size:                 36 kB
Rss:                  36 kB
Pss:                  20 kB
Shared_Clean:          0 kB
Shared_Dirty:         32 kB
Private_Clean:         0 kB
Private_Dirty:         4 kB
Referenced:           36 kB
Anonymous:            36 kB
AnonHugePages:         0 kB
Swap:                  0 kB
KernelPageSize:        4 kB
MMUPageSize:           4 kB
Locked:                0 kB
7f7052153000-7f7052155000 rw-p 00000000 00:00 0 
Size:                  8 kB
Rss:                   8 kB
Pss:                   4 kB
Shared_Clean:          0 kB
Shared_Dirty:          8 kB
Private_Clean:         0 kB
Private_Dirty:         0 kB
Referenced:            8 kB
Anonymous:             8 kB
AnonHugePages:         0 kB
Swap:                  0 kB
KernelPageSize:        4 kB
MMUPageSize:           4 kB
Locked:                0 kB
7f7052155000-7f7052156000 r--p 0001d000 fe:00 268093                     /lib/ld-2.11.3.so
Size:                  4 kB
Rss:                   4 kB
Pss:                   2 kB
Shared_Clean:          0 kB
Shared_Dirty:          4 kB
Private_Clean:         0 kB
Private_Dirty:         0 kB
Referenced:            4 kB
Anonymous:             4 kB
AnonHugePages:         0 kB
Swap:                  0 kB
KernelPageSize:        4 kB
MMUPageSize:           4 kB
Locked:                0 kB
7f7052156000-7f7052157000 rw-p 0001e000 fe:00 268093                     /lib/ld-2.11.3.so
Size:                  4 kB
Rss:                   4 kB
Pss:                   4 kB
Shared_Clean:          0 kB
Shared_Dirty:          0 kB
Private_Clean:         0 kB
Private_Dirty:         4 kB
Referenced:            4 kB
Anonymous:             4 kB
AnonHugePages:         0 kB
Swap:                  0 kB
KernelPageSize:        4 kB
MMUPageSize:           4 kB
Locked:                0 kB
7f7052157000-7f7052158000 rw-p 00000000 00:00 0 
Size:                  4 kB
Rss:                   4 kB
Pss:                   2 kB
Shared_Clean:          0 kB
Shared_Dirty:          4 kB
Private_Clean:         0 kB
Private_Dirty:         0 kB
Referenced:            4 kB
Anonymous:             4 kB
AnonHugePages:         0 kB
Swap:                  0 kB
KernelPageSize:        4 kB
MMUPageSize:           4 kB
Locked:                0 kB
7f7052158000-7f70521c9000 r-xp 00000000 fe:00 9021                       /usr/sbin/sshd
Size:                452 kB
Rss:                   0 kB
Pss:                   0 kB
Shared_Clean:          0 kB
Shared_Dirty:          0 kB
Private_Clean:         0 kB
Private_Dirty:         0 kB
Referenced:            0 kB
Anonymous:             0 kB
AnonHugePages:         0 kB
Swap:                  0 kB
KernelPageSize:        4 kB
MMUPageSize:           4 kB
Locked:                0 kB
7f70523c9000-7f70523cb000 r--p 00071000 fe:00 9021                       /usr/sbin/sshd
Size:                  8 kB
Rss:                   8 kB
Pss:                   4 kB
Shared_Clean:          0 kB
Shared_Dirty:          8 kB
Private_Clean:         0 kB
Private_Dirty:         0 kB
Referenced:            8 kB
Anonymous:             8 kB
AnonHugePages:         0 kB
Swap:                  0 kB
KernelPageSize:        4 kB
MMUPageSize:           4 kB
Locked:                0 kB
7f70523cb000-7f70523cc000 rw-p 00073000 fe:00 9021                       /usr/sbin/sshd
Size:                  4 kB
Rss:                   4 kB
Pss:                   4 kB
Shared_Clean:          0 kB
Shared_Dirty:          0 kB
Private_Clean:         0 kB
Private_Dirty:         4 kB
Referenced:            4 kB
Anonymous:             4 kB
AnonHugePages:         0 kB
Swap:                  0 kB
KernelPageSize:        4 kB
MMUPageSize:           4 kB
Locked:                0 kB
7f70523cc000-7f70523d5000 rw-p 00000000 00:00 0 
Size:                 36 kB
Rss:                  36 kB
Pss:                  28 kB
Shared_Clean:          0 kB
Shared_Dirty:         16 kB
Private_Clean:         0 kB
Private_Dirty:        20 kB
Referenced:           36 kB
Anonymous:            36 kB
AnonHugePages:         0 kB
Swap:                  0 kB
KernelPageSize:        4 kB
MMUPageSize:           4 kB
Locked:                0 kB
7f70541c9000-7f705420a000 rw-p 00000000 00:00 0                          [heap]
Size:                260 kB
Rss:                 160 kB
Pss:                 128 kB
Shared_Clean:          0 kB
Shared_Dirty:         64 kB
Private_Clean:         0 kB
Private_Dirty:        96 kB
Referenced:          156 kB
Anonymous:           160 kB
AnonHugePages:         0 kB
Swap:                  0 kB
KernelPageSize:        4 kB
MMUPageSize:           4 kB
Locked:                0 kB
7fff9ffd9000-7fff9fffa000 rw-p 00000000 00:00 0                          [stack]
Size:                136 kB
Rss:                  32 kB
Pss:                  28 kB
Shared_Clean:          0 kB
Shared_Dirty:          8 kB
Private_Clean:         0 kB
Private_Dirty:        24 kB
Referenced:           32 kB
Anonymous:            32 kB
AnonHugePages:         0 kB
Swap:                  0 kB
KernelPageSize:        4 kB
MMUPageSize:           4 kB
Locked:                0 kB
7fff9ffff000-7fffa0000000 r-xp 00000000 00:00 0                          [vdso]
Size:                  4 kB
Rss:                   4 kB
Pss:                   0 kB
Shared_Clean:          4 kB
Shared_Dirty:          0 kB
Private_Clean:         0 kB
Private_Dirty:         0 kB
Referenced:            4 kB
Anonymous:             0 kB
AnonHugePages:         0 kB
Swap:                  0 kB
KernelPageSize:        4 kB
MMUPageSize:           4 kB
Locked:                0 kB
ffffffffff600000-ffffffffff601000 r-xp 00000000 00:00 0                  [vsyscall]
Size:                  4 kB
Rss:                   0 kB
Pss:                   0 kB
Shared_Clean:          0 kB
Shared_Dirty:          0 kB
Private_Clean:         0 kB
Private_Dirty:         0 kB
Referenced:            0 kB
Anonymous:             0 kB
AnonHugePages:         0 kB
Swap:                  0 kB
KernelPageSize:        4 kB
MMUPageSize:           4 kB
Locked:                0 kB
