00400000-00402000 r-xp 00000000 fe:00 1925                               /usr/bin/logger
Size:                  8 kB
Rss:                   0 kB
Pss:                   0 kB
Shared_Clean:          0 kB
Shared_Dirty:          0 kB
Private_Clean:         0 kB
Private_Dirty:         0 kB
Referenced:            0 kB
Anonymous:             0 kB
AnonHugePages:         0 kB
Swap:                  0 kB
KernelPageSize:        4 kB
MMUPageSize:           4 kB
Locked:                0 kB
00602000-00603000 rw-p 00002000 fe:00 1925                               /usr/bin/logger
Size:                  4 kB
Rss:                   0 kB
Pss:                   0 kB
Shared_Clean:          0 kB
Shared_Dirty:          0 kB
Private_Clean:         0 kB
Private_Dirty:         0 kB
Referenced:            0 kB
Anonymous:             0 kB
AnonHugePages:         0 kB
Swap:                  4 kB
KernelPageSize:        4 kB
MMUPageSize:           4 kB
Locked:                0 kB
0108d000-010ae000 rw-p 00000000 00:00 0                                  [heap]
Size:                132 kB
Rss:                   0 kB
Pss:                   0 kB
Shared_Clean:          0 kB
Shared_Dirty:          0 kB
Private_Clean:         0 kB
Private_Dirty:         0 kB
Referenced:            0 kB
Anonymous:             0 kB
AnonHugePages:         0 kB
Swap:                 12 kB
KernelPageSize:        4 kB
MMUPageSize:           4 kB
Locked:                0 kB
7fb8229fe000-7fb822b57000 r-xp 00000000 fe:00 268096                     /lib/libc-2.11.3.so
Size:               1380 kB
Rss:                 416 kB
Pss:                   5 kB
Shared_Clean:        416 kB
Shared_Dirty:          0 kB
Private_Clean:         0 kB
Private_Dirty:         0 kB
Referenced:          416 kB
Anonymous:             0 kB
AnonHugePages:         0 kB
Swap:                  0 kB
KernelPageSize:        4 kB
MMUPageSize:           4 kB
Locked:                0 kB
7fb822b57000-7fb822d56000 ---p 00159000 fe:00 268096                     /lib/libc-2.11.3.so
Size:               2044 kB
Rss:                   0 kB
Pss:                   0 kB
Shared_Clean:          0 kB
Shared_Dirty:          0 kB
Private_Clean:         0 kB
Private_Dirty:         0 kB
Referenced:            0 kB
Anonymous:             0 kB
AnonHugePages:         0 kB
Swap:                  0 kB
KernelPageSize:        4 kB
MMUPageSize:           4 kB
Locked:                0 kB
7fb822d56000-7fb822d5a000 r--p 00158000 fe:00 268096                     /lib/libc-2.11.3.so
Size:                 16 kB
Rss:                   0 kB
Pss:                   0 kB
Shared_Clean:          0 kB
Shared_Dirty:          0 kB
Private_Clean:         0 kB
Private_Dirty:         0 kB
Referenced:            0 kB
Anonymous:             0 kB
AnonHugePages:         0 kB
Swap:                 16 kB
KernelPageSize:        4 kB
MMUPageSize:           4 kB
Locked:                0 kB
7fb822d5a000-7fb822d5b000 rw-p 0015c000 fe:00 268096                     /lib/libc-2.11.3.so
Size:                  4 kB
Rss:                   0 kB
Pss:                   0 kB
Shared_Clean:          0 kB
Shared_Dirty:          0 kB
Private_Clean:         0 kB
Private_Dirty:         0 kB
Referenced:            0 kB
Anonymous:             0 kB
AnonHugePages:         0 kB
Swap:                  4 kB
KernelPageSize:        4 kB
MMUPageSize:           4 kB
Locked:                0 kB
7fb822d5b000-7fb822d60000 rw-p 00000000 00:00 0 
Size:                 20 kB
Rss:                   0 kB
Pss:                   0 kB
Shared_Clean:          0 kB
Shared_Dirty:          0 kB
Private_Clean:         0 kB
Private_Dirty:         0 kB
Referenced:            0 kB
Anonymous:             0 kB
AnonHugePages:         0 kB
Swap:                 16 kB
KernelPageSize:        4 kB
MMUPageSize:           4 kB
Locked:                0 kB
7fb822d60000-7fb822d7e000 r-xp 00000000 fe:00 268093                     /lib/ld-2.11.3.so
Size:                120 kB
Rss:                 100 kB
Pss:                   1 kB
Shared_Clean:        100 kB
Shared_Dirty:          0 kB
Private_Clean:         0 kB
Private_Dirty:         0 kB
Referenced:          100 kB
Anonymous:             0 kB
AnonHugePages:         0 kB
Swap:                  0 kB
KernelPageSize:        4 kB
MMUPageSize:           4 kB
Locked:                0 kB
7fb822f5c000-7fb822f5f000 rw-p 00000000 00:00 0 
Size:                 12 kB
Rss:                   0 kB
Pss:                   0 kB
Shared_Clean:          0 kB
Shared_Dirty:          0 kB
Private_Clean:         0 kB
Private_Dirty:         0 kB
Referenced:            0 kB
Anonymous:             0 kB
AnonHugePages:         0 kB
Swap:                 12 kB
KernelPageSize:        4 kB
MMUPageSize:           4 kB
Locked:                0 kB
7fb822f7a000-7fb822f7d000 rw-p 00000000 00:00 0 
Size:                 12 kB
Rss:                   0 kB
Pss:                   0 kB
Shared_Clean:          0 kB
Shared_Dirty:          0 kB
Private_Clean:         0 kB
Private_Dirty:         0 kB
Referenced:            0 kB
Anonymous:             0 kB
AnonHugePages:         0 kB
Swap:                 12 kB
KernelPageSize:        4 kB
MMUPageSize:           4 kB
Locked:                0 kB
7fb822f7d000-7fb822f7e000 r--p 0001d000 fe:00 268093                     /lib/ld-2.11.3.so
Size:                  4 kB
Rss:                   0 kB
Pss:                   0 kB
Shared_Clean:          0 kB
Shared_Dirty:          0 kB
Private_Clean:         0 kB
Private_Dirty:         0 kB
Referenced:            0 kB
Anonymous:             0 kB
AnonHugePages:         0 kB
Swap:                  4 kB
KernelPageSize:        4 kB
MMUPageSize:           4 kB
Locked:                0 kB
7fb822f7e000-7fb822f7f000 rw-p 0001e000 fe:00 268093                     /lib/ld-2.11.3.so
Size:                  4 kB
Rss:                   0 kB
Pss:                   0 kB
Shared_Clean:          0 kB
Shared_Dirty:          0 kB
Private_Clean:         0 kB
Private_Dirty:         0 kB
Referenced:            0 kB
Anonymous:             0 kB
AnonHugePages:         0 kB
Swap:                  4 kB
KernelPageSize:        4 kB
MMUPageSize:           4 kB
Locked:                0 kB
7fb822f7f000-7fb822f80000 rw-p 00000000 00:00 0 
Size:                  4 kB
Rss:                   0 kB
Pss:                   0 kB
Shared_Clean:          0 kB
Shared_Dirty:          0 kB
Private_Clean:         0 kB
Private_Dirty:         0 kB
Referenced:            0 kB
Anonymous:             0 kB
AnonHugePages:         0 kB
Swap:                  4 kB
KernelPageSize:        4 kB
MMUPageSize:           4 kB
Locked:                0 kB
7fff0777f000-7fff077a0000 rw-p 00000000 00:00 0                          [stack]
Size:                136 kB
Rss:                   4 kB
Pss:                   4 kB
Shared_Clean:          0 kB
Shared_Dirty:          0 kB
Private_Clean:         4 kB
Private_Dirty:         0 kB
Referenced:            4 kB
Anonymous:             4 kB
AnonHugePages:         0 kB
Swap:                  8 kB
KernelPageSize:        4 kB
MMUPageSize:           4 kB
Locked:                0 kB
7fff077ff000-7fff07800000 r-xp 00000000 00:00 0                          [vdso]
Size:                  4 kB
Rss:                   4 kB
Pss:                   0 kB
Shared_Clean:          4 kB
Shared_Dirty:          0 kB
Private_Clean:         0 kB
Private_Dirty:         0 kB
Referenced:            4 kB
Anonymous:             0 kB
AnonHugePages:         0 kB
Swap:                  0 kB
KernelPageSize:        4 kB
MMUPageSize:           4 kB
Locked:                0 kB
ffffffffff600000-ffffffffff601000 r-xp 00000000 00:00 0                  [vsyscall]
Size:                  4 kB
Rss:                   0 kB
Pss:                   0 kB
Shared_Clean:          0 kB
Shared_Dirty:          0 kB
Private_Clean:         0 kB
Private_Dirty:         0 kB
Referenced:            0 kB
Anonymous:             0 kB
AnonHugePages:         0 kB
Swap:                  0 kB
KernelPageSize:        4 kB
MMUPageSize:           4 kB
Locked:                0 kB
